PASS: index.html is mobile responsive.
FAIL: services.html has horizontal overflow (416px > 390px)
PASS: industrial-seo-waluj-midc.html is mobile responsive.
PASS: mr/index.html is mobile responsive.
